<?xml version="1.0" encoding="UTF-8" ?>
<testsuites name="vitest tests" tests="99" failures="0" errors="0" time="6.371">
    <testsuite name="src/main/lib/__tests__/config.test.ts" timestamp="2026-02-03T10:07:43.309Z" hostname="endeavour-pc" tests="14" failures="0" errors="0" skipped="0" time="0.035332628">
        <testcase classname="src/main/lib/__tests__/config.test.ts" name="main process configuration utilities &gt; ConfigManager &gt; should initialize with empty config" time="0.007758361">
        </testcase>
        <testcase classname="src/main/lib/__tests__/config.test.ts" name="main process configuration utilities &gt; ConfigManager &gt; should get and set values" time="0.001697544">
        </testcase>
        <testcase classname="src/main/lib/__tests__/config.test.ts" name="main process configuration utilities &gt; ConfigManager &gt; should handle nested keys" time="0.001004906">
        </testcase>
        <testcase classname="src/main/lib/__tests__/config.test.ts" name="main process configuration utilities &gt; ConfigManager &gt; should update multiple values at once" time="0.001080451">
        </testcase>
        <testcase classname="src/main/lib/__tests__/config.test.ts" name="main process configuration utilities &gt; ConfigManager &gt; should reset configuration" time="0.001158991">
        </testcase>
        <testcase classname="src/main/lib/__tests__/config.test.ts" name="main process configuration utilities &gt; ConfigManager &gt; should notify watchers when config changes" time="0.005364385">
        </testcase>
        <testcase classname="src/main/lib/__tests__/config.test.ts" name="main process configuration utilities &gt; FeatureFlagsManager &gt; should check if feature is enabled" time="0.003979525">
        </testcase>
        <testcase classname="src/main/lib/__tests__/config.test.ts" name="main process configuration utilities &gt; FeatureFlagsManager &gt; should handle rollout percentages" time="0.000704168">
        </testcase>
        <testcase classname="src/main/lib/__tests__/config.test.ts" name="main process configuration utilities &gt; FeatureFlagsManager &gt; should handle conditions" time="0.001559641">
        </testcase>
        <testcase classname="src/main/lib/__tests__/config.test.ts" name="main process configuration utilities &gt; FeatureFlagsManager &gt; should manage multiple flags" time="0.002946729">
        </testcase>
        <testcase classname="src/main/lib/__tests__/config.test.ts" name="main process configuration utilities &gt; FeatureFlagsManager &gt; should remove flags" time="0.000701414">
        </testcase>
        <testcase classname="src/main/lib/__tests__/config.test.ts" name="main process configuration utilities &gt; EnvironmentConfig &gt; should detect environment correctly" time="0.001051188">
        </testcase>
        <testcase classname="src/main/lib/__tests__/config.test.ts" name="main process configuration utilities &gt; EnvironmentConfig &gt; should return appropriate API base URL based on environment" time="0.001015334">
        </testcase>
        <testcase classname="src/main/lib/__tests__/config.test.ts" name="main process configuration utilities &gt; EnvironmentConfig &gt; should return appropriate WebSocket URL based on environment" time="0.000580032">
        </testcase>
    </testsuite>
    <testsuite name="src/renderer/lib/__tests__/state.test.ts" timestamp="2026-02-03T10:07:43.317Z" hostname="endeavour-pc" tests="13" failures="0" errors="0" skipped="0" time="0.083134497">
        <testcase classname="src/renderer/lib/__tests__/state.test.ts" name="renderer process utilities &gt; ComponentStateManager &gt; should initialize with correct state" time="0.005488336">
        </testcase>
        <testcase classname="src/renderer/lib/__tests__/state.test.ts" name="renderer process utilities &gt; ComponentStateManager &gt; should update data correctly" time="0.001977037">
        </testcase>
        <testcase classname="src/renderer/lib/__tests__/state.test.ts" name="renderer process utilities &gt; ComponentStateManager &gt; should handle loading state during data loading" time="0.002097685">
        </testcase>
        <testcase classname="src/renderer/lib/__tests__/state.test.ts" name="renderer process utilities &gt; ComponentStateManager &gt; should handle errors during data loading" time="0.004586974">
        </testcase>
        <testcase classname="src/renderer/lib/__tests__/state.test.ts" name="renderer process utilities &gt; ComponentStateManager &gt; should allow setting error directly" time="0.000696619">
        </testcase>
        <testcase classname="src/renderer/lib/__tests__/state.test.ts" name="renderer process utilities &gt; ComponentStateManager &gt; should allow setting loading state" time="0.000523963">
        </testcase>
        <testcase classname="src/renderer/lib/__tests__/state.test.ts" name="renderer process utilities &gt; ComponentStateManager &gt; should clear error" time="0.000682286">
        </testcase>
        <testcase classname="src/renderer/lib/__tests__/state.test.ts" name="renderer process utilities &gt; ComponentStateManager &gt; should notify subscribers of state changes" time="0.003834327">
        </testcase>
        <testcase classname="src/renderer/lib/__tests__/state.test.ts" name="renderer process utilities &gt; AnimationSequencer &gt; should play fade in animation" time="0.002774141">
        </testcase>
        <testcase classname="src/renderer/lib/__tests__/state.test.ts" name="renderer process utilities &gt; AnimationSequencer &gt; should play fade out animation" time="0.001501628">
        </testcase>
        <testcase classname="src/renderer/lib/__tests__/state.test.ts" name="renderer process utilities &gt; AnimationSequencer &gt; should play slide in animation" time="0.002751979">
        </testcase>
        <testcase classname="src/renderer/lib/__tests__/state.test.ts" name="renderer process utilities &gt; AnimationSequencer &gt; should cancel all animations" time="0.001356884">
        </testcase>
        <testcase classname="src/renderer/lib/__tests__/state.test.ts" name="renderer process utilities &gt; AnimationSequencer &gt; should handle animation sequence" time="0.050988486">
        </testcase>
    </testsuite>
    <testsuite name="src/shared/lib/utils/__tests__/advanced.test.ts" timestamp="2026-02-03T10:07:43.328Z" hostname="endeavour-pc" tests="23" failures="0" errors="0" skipped="0" time="5.222290537">
        <testcase classname="src/shared/lib/utils/__tests__/advanced.test.ts" name="advanced utilities &gt; ReactiveStore &gt; should initialize with correct state" time="0.013982473">
        </testcase>
        <testcase classname="src/shared/lib/utils/__tests__/advanced.test.ts" name="advanced utilities &gt; ReactiveStore &gt; should update state correctly" time="0.000924375">
        </testcase>
        <testcase classname="src/shared/lib/utils/__tests__/advanced.test.ts" name="advanced utilities &gt; ReactiveStore &gt; should notify subscribers when state changes" time="0.016528209">
        </testcase>
        <testcase classname="src/shared/lib/utils/__tests__/advanced.test.ts" name="advanced utilities &gt; ReactiveStore &gt; should handle function-based state updates" time="0.000784803">
        </testcase>
        <testcase classname="src/shared/lib/utils/__tests__/advanced.test.ts" name="advanced utilities &gt; ReactiveStore &gt; should unsubscribe correctly" time="0.001175365">
        </testcase>
        <testcase classname="src/shared/lib/utils/__tests__/advanced.test.ts" name="advanced utilities &gt; memoize &gt; should cache function results" time="0.00096612">
        </testcase>
        <testcase classname="src/shared/lib/utils/__tests__/advanced.test.ts" name="advanced utilities &gt; memoize &gt; should handle different arguments separately" time="0.003311202">
        </testcase>
        <testcase classname="src/shared/lib/utils/__tests__/advanced.test.ts" name="advanced utilities &gt; memoize &gt; should work with custom resolver" time="0.000784547">
        </testcase>
        <testcase classname="src/shared/lib/utils/__tests__/advanced.test.ts" name="advanced utilities &gt; RateLimiter &gt; should allow calls within limit" time="0.010178749">
        </testcase>
        <testcase classname="src/shared/lib/utils/__tests__/advanced.test.ts" name="advanced utilities &gt; RateLimiter &gt; should reset allowance after interval" time="0.004433857">
        </testcase>
        <testcase classname="src/shared/lib/utils/__tests__/advanced.test.ts" name="advanced utilities &gt; BatchProcessor &gt; should process items in batches" time="0.005421712">
        </testcase>
        <testcase classname="src/shared/lib/utils/__tests__/advanced.test.ts" name="advanced utilities &gt; BatchProcessor &gt; should process items after interval if batch size not reached" time="0.00620749">
        </testcase>
        <testcase classname="src/shared/lib/utils/__tests__/advanced.test.ts" name="advanced utilities &gt; AdvancedCache &gt; should store and retrieve values" time="0.001321771">
        </testcase>
        <testcase classname="src/shared/lib/utils/__tests__/advanced.test.ts" name="advanced utilities &gt; AdvancedCache &gt; should return null for non-existent keys" time="0.003867715">
        </testcase>
        <testcase classname="src/shared/lib/utils/__tests__/advanced.test.ts" name="advanced utilities &gt; AdvancedCache &gt; should handle TTL expiration" time="0.001380159">
        </testcase>
        <testcase classname="src/shared/lib/utils/__tests__/advanced.test.ts" name="advanced utilities &gt; AdvancedCache &gt; should enforce max size" time="0.000599003">
        </testcase>
        <testcase classname="src/shared/lib/utils/__tests__/advanced.test.ts" name="advanced utilities &gt; AdvancedCache &gt; should use getOrSet with factory function" time="0.006164746">
        </testcase>
        <testcase classname="src/shared/lib/utils/__tests__/advanced.test.ts" name="advanced utilities &gt; ErrorBoundary &gt; should execute successful operations normally" time="0.003445299">
        </testcase>
        <testcase classname="src/shared/lib/utils/__tests__/advanced.test.ts" name="advanced utilities &gt; ErrorBoundary &gt; should catch and handle errors" time="0.004192579">
        </testcase>
        <testcase classname="src/shared/lib/utils/__tests__/advanced.test.ts" name="advanced utilities &gt; ErrorBoundary &gt; should track error state" time="0.001679086">
        </testcase>
        <testcase classname="src/shared/lib/utils/__tests__/advanced.test.ts" name="advanced utilities &gt; retry &gt; should succeed on first try if no error" time="0.001750559">
        </testcase>
        <testcase classname="src/shared/lib/utils/__tests__/advanced.test.ts" name="advanced utilities &gt; retry &gt; should retry on failure up to max attempts" time="2.647172297">
        </testcase>
        <testcase classname="src/shared/lib/utils/__tests__/advanced.test.ts" name="advanced utilities &gt; retry &gt; should succeed if error occurs but then succeeds" time="2.478252275">
        </testcase>
    </testsuite>
    <testsuite name="src/shared/lib/utils/__tests__/async.test.ts" timestamp="2026-02-03T10:07:43.343Z" hostname="endeavour-pc" tests="9" failures="0" errors="0" skipped="0" time="0.03514978">
        <testcase classname="src/shared/lib/utils/__tests__/async.test.ts" name="async utilities &gt; debounce &gt; should debounce function calls" time="0.009291962">
        </testcase>
        <testcase classname="src/shared/lib/utils/__tests__/async.test.ts" name="async utilities &gt; debounce &gt; should pass arguments to debounced function" time="0.003289218">
        </testcase>
        <testcase classname="src/shared/lib/utils/__tests__/async.test.ts" name="async utilities &gt; debounce &gt; should not call function if cancelled" time="0.000737447">
        </testcase>
        <testcase classname="src/shared/lib/utils/__tests__/async.test.ts" name="async utilities &gt; throttle &gt; should throttle function calls" time="0.000978245">
        </testcase>
        <testcase classname="src/shared/lib/utils/__tests__/async.test.ts" name="async utilities &gt; throttle &gt; should pass arguments to throttled function" time="0.00068098">
        </testcase>
        <testcase classname="src/shared/lib/utils/__tests__/async.test.ts" name="async utilities &gt; sleep &gt; should resolve after specified time" time="0.001372226">
        </testcase>
        <testcase classname="src/shared/lib/utils/__tests__/async.test.ts" name="async utilities &gt; sleep &gt; should wait for the correct duration" time="0.013437711">
            <system-err>
Promise returned by `expect(actual).resolves.toBeUndefined()` was not awaited. Vitest currently auto-awaits hanging assertions at the end of the test, but this will cause the test to fail in Vitest 3. Please remember to await the assertion.
    at /run/media/naranyala/Data/projects-remote/starter-rspack-electron-vanilla/src/shared/lib/utils/__tests__/async.test.ts:100:21

            </system-err>
        </testcase>
        <testcase classname="src/shared/lib/utils/__tests__/async.test.ts" name="async utilities &gt; once &gt; should call function only once" time="0.001164943">
        </testcase>
        <testcase classname="src/shared/lib/utils/__tests__/async.test.ts" name="async utilities &gt; once &gt; should pass arguments to the function on first call" time="0.000896282">
        </testcase>
    </testsuite>
    <testsuite name="src/shared/lib/utils/__tests__/object.test.ts" timestamp="2026-02-03T10:07:43.348Z" hostname="endeavour-pc" tests="29" failures="0" errors="0" skipped="0" time="0.031708103">
        <testcase classname="src/shared/lib/utils/__tests__/object.test.ts" name="object utilities &gt; deepClone &gt; should clone primitive values correctly" time="0.002755778">
        </testcase>
        <testcase classname="src/shared/lib/utils/__tests__/object.test.ts" name="object utilities &gt; deepClone &gt; should clone arrays correctly" time="0.001956072">
        </testcase>
        <testcase classname="src/shared/lib/utils/__tests__/object.test.ts" name="object utilities &gt; deepClone &gt; should clone objects correctly" time="0.002881609">
        </testcase>
        <testcase classname="src/shared/lib/utils/__tests__/object.test.ts" name="object utilities &gt; deepClone &gt; should handle circular references" time="0.004530892">
        </testcase>
        <testcase classname="src/shared/lib/utils/__tests__/object.test.ts" name="object utilities &gt; deepMerge &gt; should merge simple objects" time="0.0007291">
        </testcase>
        <testcase classname="src/shared/lib/utils/__tests__/object.test.ts" name="object utilities &gt; deepMerge &gt; should merge nested objects" time="0.0006076">
        </testcase>
        <testcase classname="src/shared/lib/utils/__tests__/object.test.ts" name="object utilities &gt; deepMerge &gt; should handle arrays by replacing them" time="0.000485879">
        </testcase>
        <testcase classname="src/shared/lib/utils/__tests__/object.test.ts" name="object utilities &gt; deepMerge &gt; should preserve original objects" time="0.001035175">
        </testcase>
        <testcase classname="src/shared/lib/utils/__tests__/object.test.ts" name="object utilities &gt; deepEqual &gt; should return true for identical primitives" time="0.000697722">
        </testcase>
        <testcase classname="src/shared/lib/utils/__tests__/object.test.ts" name="object utilities &gt; deepEqual &gt; should return false for different primitives" time="0.001685845">
        </testcase>
        <testcase classname="src/shared/lib/utils/__tests__/object.test.ts" name="object utilities &gt; deepEqual &gt; should return true for identical objects" time="0.000595847">
        </testcase>
        <testcase classname="src/shared/lib/utils/__tests__/object.test.ts" name="object utilities &gt; deepEqual &gt; should return false for different objects" time="0.000695415">
        </testcase>
        <testcase classname="src/shared/lib/utils/__tests__/object.test.ts" name="object utilities &gt; deepEqual &gt; should return true for identical arrays" time="0.000323275">
        </testcase>
        <testcase classname="src/shared/lib/utils/__tests__/object.test.ts" name="object utilities &gt; deepEqual &gt; should return false for different arrays" time="0.000333428">
        </testcase>
        <testcase classname="src/shared/lib/utils/__tests__/object.test.ts" name="object utilities &gt; getNestedProperty &gt; should get nested property using dot notation" time="0.000424927">
        </testcase>
        <testcase classname="src/shared/lib/utils/__tests__/object.test.ts" name="object utilities &gt; getNestedProperty &gt; should return undefined for non-existent property" time="0.000873045">
        </testcase>
        <testcase classname="src/shared/lib/utils/__tests__/object.test.ts" name="object utilities &gt; getNestedProperty &gt; should handle array indices" time="0.000625449">
        </testcase>
        <testcase classname="src/shared/lib/utils/__tests__/object.test.ts" name="object utilities &gt; getNestedProperty &gt; should handle mixed object and array access" time="0.000645631">
        </testcase>
        <testcase classname="src/shared/lib/utils/__tests__/object.test.ts" name="object utilities &gt; setNestedProperty &gt; should set nested property using dot notation" time="0.000488789">
        </testcase>
        <testcase classname="src/shared/lib/utils/__tests__/object.test.ts" name="object utilities &gt; setNestedProperty &gt; should create intermediate properties if they dont exist" time="0.000406532">
        </testcase>
        <testcase classname="src/shared/lib/utils/__tests__/object.test.ts" name="object utilities &gt; setNestedProperty &gt; should handle array indices" time="0.00132352">
        </testcase>
        <testcase classname="src/shared/lib/utils/__tests__/object.test.ts" name="object utilities &gt; setNestedProperty &gt; should overwrite existing values" time="0.00060689">
        </testcase>
        <testcase classname="src/shared/lib/utils/__tests__/object.test.ts" name="object utilities &gt; omit &gt; should omit specified keys from object" time="0.00148317">
        </testcase>
        <testcase classname="src/shared/lib/utils/__tests__/object.test.ts" name="object utilities &gt; omit &gt; should return same object if no keys to omit" time="0.00025415">
        </testcase>
        <testcase classname="src/shared/lib/utils/__tests__/object.test.ts" name="object utilities &gt; omit &gt; should not modify original object" time="0.00027385">
        </testcase>
        <testcase classname="src/shared/lib/utils/__tests__/object.test.ts" name="object utilities &gt; pick &gt; should pick specified keys from object" time="0.000309409">
        </testcase>
        <testcase classname="src/shared/lib/utils/__tests__/object.test.ts" name="object utilities &gt; pick &gt; should return empty object if no keys to pick" time="0.0001919">
        </testcase>
        <testcase classname="src/shared/lib/utils/__tests__/object.test.ts" name="object utilities &gt; pick &gt; should ignore non-existent keys" time="0.000184743">
        </testcase>
        <testcase classname="src/shared/lib/utils/__tests__/object.test.ts" name="object utilities &gt; pick &gt; should not modify original object" time="0.000282078">
        </testcase>
    </testsuite>
    <testsuite name="src/shared/lib/utils/__tests__/validation.test.ts" timestamp="2026-02-03T10:07:43.360Z" hostname="endeavour-pc" tests="11" failures="0" errors="0" skipped="0" time="0.019508548">
        <testcase classname="src/shared/lib/utils/__tests__/validation.test.ts" name="validation utilities &gt; isValidEmail &gt; should return true for valid emails" time="0.003881823">
        </testcase>
        <testcase classname="src/shared/lib/utils/__tests__/validation.test.ts" name="validation utilities &gt; isValidEmail &gt; should return false for invalid emails" time="0.000977334">
        </testcase>
        <testcase classname="src/shared/lib/utils/__tests__/validation.test.ts" name="validation utilities &gt; isValidUrl &gt; should return true for valid URLs" time="0.000821985">
        </testcase>
        <testcase classname="src/shared/lib/utils/__tests__/validation.test.ts" name="validation utilities &gt; isValidUrl &gt; should return false for invalid URLs" time="0.000732396">
        </testcase>
        <testcase classname="src/shared/lib/utils/__tests__/validation.test.ts" name="validation utilities &gt; isValidPhone &gt; should return true for valid phone numbers" time="0.000822098">
        </testcase>
        <testcase classname="src/shared/lib/utils/__tests__/validation.test.ts" name="validation utilities &gt; isValidPhone &gt; should return false for invalid phone numbers" time="0.000676576">
        </testcase>
        <testcase classname="src/shared/lib/utils/__tests__/validation.test.ts" name="validation utilities &gt; isValidPassword &gt; should return true for valid passwords" time="0.001191121">
        </testcase>
        <testcase classname="src/shared/lib/utils/__tests__/validation.test.ts" name="validation utilities &gt; isValidPassword &gt; should return false for invalid passwords" time="0.00068989">
        </testcase>
        <testcase classname="src/shared/lib/utils/__tests__/validation.test.ts" name="validation utilities &gt; isValidPassword &gt; should respect minimum length requirement" time="0.000614794">
        </testcase>
        <testcase classname="src/shared/lib/utils/__tests__/validation.test.ts" name="validation utilities &gt; validateSchema &gt; should return valid result for valid object" time="0.00247197">
        </testcase>
        <testcase classname="src/shared/lib/utils/__tests__/validation.test.ts" name="validation utilities &gt; validateSchema &gt; should return invalid result for invalid object" time="0.001507607">
        </testcase>
    </testsuite>
</testsuites>
